// Jest Snapshot v1, https://goo.gl/fbAQLP

exports[`EmptyList should render EmptyList as expected 1`] = `
<View
  style={
    Object {
      "alignItems": "center",
      "flex": 1,
      "justifyContent": "center",
      "paddingVertical": 15,
    }
  }
>
  <Text
    style={
      Object {
        "fontSize": 18,
      }
    }
    testID="empty-message"
  >
    Ничего не найдено
  </Text>
</View>
`;
